Rules for a View in mysql:
 
INSERTION 
	Primary key and not null columns is manadatory

UPDATATION AND DELETION
	Records will be affection only if that record exsist in that view
	

CREATE TABLE Employee (
  EmployeeID INTEGER PRIMARY KEY NOT NULL,
  Name VARCHAR(50) NOT NULL,
  Position VARCHAR(50) NOT NULL,
  Salary FLOAT(6,2) NOT NULL,
  Remarks VARCHAR(50)
);

CREATE TABLE Planet (
  PlanetID INTEGER PRIMARY KEY NOT NULL,
  Name VARCHAR(50) NOT NULL,
  Coordinates FLOAT(6,2) NOT NULL
);

CREATE TABLE Shipment (
  ShipmentID INTEGER PRIMARY KEY NOT NULL,
  ShipmentDate Date,
  Manager INTEGER NOT NULL ,
  Planet INTEGER NOT NULL,
  FOREIGN KEY (Manager) References Employee(EmployeeID),
  FOREIGN KEY (Planet) References Planet(PlanetID)
);

CREATE TABLE Has_Clearance (
  Employee INTEGER NOT NULL,
  Planet INTEGER NOT NULL,
  Level INTEGER NOT NULL,
  PRIMARY KEY(Employee, Planet),
  FOREIGN KEY (Employee) References Employee(EmployeeID),
  FOREIGN KEY (Planet) References Planet(PlanetID)
);

CREATE TABLE Client (
  AccountNumber INTEGER PRIMARY KEY NOT NULL,
  Name VARCHAR(50) NOT NULL
);

CREATE TABLE Package (
  Shipment INTEGER NOT NULL REFERENCES Shipment(ShipmentID),
  PackageNumber INTEGER NOT NULL,
  Contents VARCHAR(50) NOT NULL,
  Weight FLOAT(6,2) NOT NULL,
  Sender INTEGER NOT NULL,
  Recipient INTEGER NOT NULL,
  PRIMARY KEY(Shipment, PackageNumber),
  FOREIGN KEY (Sender) References Client(AccountNumber),
  FOREIGN KEY  (Recipient) References Client(AccountNumber)
);


INSERT INTO Client VALUES(1, 'Zapp Brannigan');
INSERT INTO Client VALUES(2, "Al Gore's Head");
INSERT INTO Client VALUES(3, 'Barbados Slim');
INSERT INTO Client VALUES(4, 'Ogden Wernstrom');
INSERT INTO Client VALUES(5, 'Leo Wong');
INSERT INTO Client VALUES(6, 'Lrrr');
INSERT INTO Client VALUES(7, 'John Zoidberg');
INSERT INTO Client VALUES(8, 'John Zoidfarb');
INSERT INTO Client VALUES(9, 'Morbo');
INSERT INTO Client VALUES(10, 'Judge John Whitey');
INSERT INTO Client VALUES(11, 'Calculon');
INSERT INTO Employee VALUES(1, 'Phillip J. Fry', 'Delivery boy', 7500.0, 'Not to be confused with the Philip J. Fry from Hovering Squid World 97a');
INSERT INTO Employee VALUES(2, 'Turanga Leela', 'Captain', 10000.0, NULL);
INSERT INTO Employee VALUES(3, 'Bender Bending Rodriguez', 'Robot', 7500.0, NULL);
INSERT INTO Employee VALUES(4, 'Hubert J. Farnsworth', 'CEO', 20000.0, NULL);
INSERT INTO Employee VALUES(5, 'John A. Zoidberg', 'Physician', 25.0, NULL);
INSERT INTO Employee VALUES(6, 'Amy Wong', 'Intern', 5000.0, NULL);
INSERT INTO Employee VALUES(7, 'Hermes Conrad', 'Bureaucrat', 10000.0, NULL);
INSERT INTO Employee VALUES(8, 'Scruffy Scruffington', 'Janitor', 5000.0, NULL);
INSERT INTO Planet VALUES(1, 'Omicron Persei 8', 89475345.3545);
INSERT INTO Planet VALUES(2, 'Decapod X', 65498463216.3466);
INSERT INTO Planet VALUES(3, 'Mars', 32435021.65468);
INSERT INTO Planet VALUES(4, 'Omega III', 98432121.5464);
INSERT INTO Planet VALUES(5, 'Tarantulon VI', 849842198.354654);
INSERT INTO Planet VALUES(6, 'Cannibalon', 654321987.21654);
INSERT INTO Planet VALUES(7, 'DogDoo VII', 65498721354.688);
INSERT INTO Planet VALUES(8, 'Nintenduu 64', 6543219894.1654);
INSERT INTO Planet VALUES(9, 'Amazonia', 65432135979.6547);
INSERT INTO Has_Clearance VALUES(1, 1, 2);
INSERT INTO Has_Clearance VALUES(1, 2, 3);
INSERT INTO Has_Clearance VALUES(2, 3, 2);
INSERT INTO Has_Clearance VALUES(2, 4, 4);
INSERT INTO Has_Clearance VALUES(3, 5, 2);
INSERT INTO Has_Clearance VALUES(3, 6, 4);
INSERT INTO Has_Clearance VALUES(4, 7, 1);
INSERT INTO Shipment VALUES(1, '3004/05/11', 1, 1);
INSERT INTO Shipment VALUES(2, '3004/05/11', 1, 2);
INSERT INTO Shipment VALUES(3, NULL, 2, 3);
INSERT INTO Shipment VALUES(4, NULL, 2, 4);
INSERT INTO Shipment VALUES(5, NULL, 7, 5);
INSERT INTO Package VALUES(1, 1, 'Undeclared', 1.5, 1, 2);
INSERT INTO Package VALUES(2, 1, 'Undeclared', 10.0, 2, 3);
INSERT INTO Package VALUES(2, 2, 'A bucket of krill', 2.0, 8, 7);
INSERT INTO Package VALUES(3, 1, 'Undeclared', 15.0, 3, 4);
INSERT INTO Package VALUES(3, 2, 'Undeclared', 3.0, 5, 1);
INSERT INTO Package VALUES(3, 3, 'Undeclared', 7.0, 2, 3);
INSERT INTO Package VALUES(4, 1, 'Undeclared', 5.0, 4, 5);
INSERT INTO Package VALUES(4, 2, 'Undeclared', 27.0, 1, 2);
INSERT INTO Package VALUES(5, 1, 'Undeclared', 100.0, 5, 1);





 show databases;
+--------------------+
| Database           |
+--------------------+
| db_c0719320_test1  |
| db_dhruvi          |
| information_schema |
| mysql              |
| mytestdb           |
| performance_schema |
| phpmyadmin         |
| test               |
+--------------------+
8 rows in set (0.02 sec)

MariaDB [(none)]> use mytestdb;
Database changed
MariaDB [mytestdb]> create database  examc0713440;
Query OK, 1 row affected (0.00 sec)

MariaDB [mytestdb]> show databases;
+--------------------+
| Database           |
+--------------------+
| db_c0719320_test1  |
| db_dhruvi          |
| examc0713440       |
| information_schema |
| mysql              |
| mytestdb           |
| performance_schema |
| phpmyadmin         |
| test               |
+--------------------+
9 rows in set (0.00 sec)

MariaDB [mytestdb]> use examc0713440;
Database changed
MariaDB [examc0713440]> create table employee(employeeId integer primary key not null,name text not null,position text not null,salary real not null,remarks text);
Query OK, 0 rows affected (0.42 sec)

MariaDB [examc0713440]> CREATE TABLE Planet (
    ->   PlanetID INTEGER PRIMARY KEY NOT NULL,
    ->   Name TEXT NOT NULL,
    ->   Coordinates REAL NOT NULL
    -> );
Query OK, 0 rows affected (0.27 sec)

MariaDB [examc0713440]>
MariaDB [examc0713440]> CREATE TABLE Shipment (
    ->   ShipmentID INTEGER PRIMARY KEY NOT NULL,
    ->   Date TEXT,
    ->   Manager INTEGER NOT NULL
    ->     CONSTRAINT fk_Employee_EmployeeID REFERENCES Employee(EmployeeID),
    ->   Planet INTEGER NOT NULL
    ->     CONSTRAINT fk_Planet_PlanetID REFERENCES Planet(PlanetID)
    -> );
ERROR 1064 (42000): You have an error in your SQL syntax; check the manual that corresponds to your MariaDB server version for the right syntax to use near 'CONSTRAINT fk_Employee_EmployeeID REFERENCES Employee(EmployeeID),
  Planet INTE' at line 5
MariaDB [examc0713440]>
MariaDB [examc0713440]> CREATE TABLE Has_Clearance (
    ->   Employee INTEGER NOT NULL
    ->     CONSTRAINT fk_Employee_EmployeeID REFERENCES Employee(EmployeeID),
    ->   Planet INTEGER NOT NULL
    ->     CONSTRAINT fk_Planet_PlanetID REFERENCES Planet(PlanetID),
    ->   Level INTEGER NOT NULL,
    ->   PRIMARY KEY(Employee, Planet)
    -> );
ERROR 1064 (42000): You have an error in your SQL syntax; check the manual that corresponds to your MariaDB server version for the right syntax to use near 'CONSTRAINT fk_Employee_EmployeeID REFERENCES Employee(EmployeeID),
  Planet INTE' at line 3
MariaDB [examc0713440]>
MariaDB [examc0713440]> CREATE TABLE Client (
    ->   AccountNumber INTEGER PRIMARY KEY NOT NULL,
    ->   Name TEXT NOT NULL
    -> );
Query OK, 0 rows affected (0.23 sec)

MariaDB [examc0713440]>
MariaDB [examc0713440]> CREATE TABLE Package (
    ->   Shipment INTEGER NOT NULL
    ->     CONSTRAINT fk_Shipment_ShipmentID REFERENCES Shipment(ShipmentID),
    ->   PackageNumber INTEGER NOT NULL,
    ->   Contents TEXT NOT NULL,
    ->   Weight REAL NOT NULL,
    ->   Sender INTEGER NOT NULL
    ->     CONSTRAINT fk_Client_AccountNumber REFERENCES Client(AccountNumber),
    ->   Recipient INTEGER NOT NULL
    ->     CONSTRAINT fk_Client_AccountNumber REFERENCES Client(AccountNumber),
    ->   PRIMARY KEY(Shipment, PackageNumber)
    -> );
ERROR 1064 (42000): You have an error in your SQL syntax; check the manual that corresponds to your MariaDB server version for the right syntax to use near 'CONSTRAINT fk_Shipment_ShipmentID REFERENCES Shipment(ShipmentID),
  PackageNumb' at line 3
MariaDB [examc0713440]> desc products;
ERROR 1146 (42S02): Table 'examc0713440.products' doesn't exist
MariaDB [examc0713440]> use mytestdb;
Database changed
MariaDB [mytestdb]> desc products;
+---------------+-------------+------+-----+---------+-------+
| Field         | Type        | Null | Key | Default | Extra |
+---------------+-------------+------+-----+---------+-------+
| Code          | int(3)      | NO   | PRI | NULL    |       |
| Name          | varchar(50) | YES  |     | NULL    |       |
| Price         | float       | YES  |     | NULL    |       |
| manufacturers | int(11)     | YES  |     | NULL    |       |
+---------------+-------------+------+-----+---------+-------+
4 rows in set (0.05 sec)

MariaDB [mytestdb]> create view v1 as select code, name from products;
Query OK, 0 rows affected (0.12 sec)

MariaDB [mytestdb]> desc v1;
+-------+-------------+------+-----+---------+-------+
| Field | Type        | Null | Key | Default | Extra |
+-------+-------------+------+-----+---------+-------+
| code  | int(3)      | NO   |     | NULL    |       |
| name  | varchar(50) | YES  |     | NULL    |       |
+-------+-------------+------+-----+---------+-------+
2 rows in set (0.04 sec)

MariaDB [mytestdb]> desc products;
+---------------+-------------+------+-----+---------+-------+
| Field         | Type        | Null | Key | Default | Extra |
+---------------+-------------+------+-----+---------+-------+
| Code          | int(3)      | NO   | PRI | NULL    |       |
| Name          | varchar(50) | YES  |     | NULL    |       |
| Price         | float       | YES  |     | NULL    |       |
| manufacturers | int(11)     | YES  |     | NULL    |       |
+---------------+-------------+------+-----+---------+-------+
4 rows in set (0.00 sec)

MariaDB [mytestdb]> select * from v1;
+------+-----------------+
| code | name            |
+------+-----------------+
|    1 | Hard drive      |
|    2 | Memory          |
|    3 | ZIP drive       |
|    4 | Floppy disk     |
|    5 | Monitor         |
|    6 | DVD drive       |
|    7 | CD drive        |
|    8 | Printer         |
|    9 | Toner cartridge |
|   10 | DVD burner      |
|   11 | Usb Drive       |
|   12 | Usb Drive       |
+------+-----------------+
12 rows in set (0.03 sec)

MariaDB [mytestdb]> create view v2 as select code where name from products;
ERROR 1064 (42000): You have an error in your SQL syntax; check the manual that corresponds to your MariaDB server version for the right syntax to use near 'where name from products' at line 1
MariaDB [mytestdb]> create view v2 as select code from products ;
Query OK, 0 rows affected (0.05 sec)

MariaDB [mytestdb]> select * from v2;
+------+
| code |
+------+
|    1 |
|    2 |
|    3 |
|    4 |
|    5 |
|    6 |
|    7 |
|    8 |
|    9 |
|   10 |
|   11 |
|   12 |
+------+
12 rows in set (0.00 sec)

MariaDB [mytestdb]> create view v2 as select code, name from products where name like'%drive%'; ;
ERROR 1050 (42S01): Table 'v2' already exists
ERROR: No query specified

MariaDB [mytestdb]> create view v3 as select code, name from products where name like'%drive%'; ;
Query OK, 0 rows affected (0.05 sec)

ERROR: No query specified

MariaDB [mytestdb]> select * from v3;
+------+------------+
| code | name       |
+------+------------+
|    1 | Hard drive |
|    3 | ZIP drive  |
|    6 | DVD drive  |
|    7 | CD drive   |
|   11 | Usb Drive  |
|   12 | Usb Drive  |
+------+------------+
6 rows in set (0.00 sec)

MariaDB [mytestdb]> insert into v1 values(13, 'iphone x');
Query OK, 1 row affected (0.12 sec)

MariaDB [mytestdb]> select * from products;
+------+-----------------+-------+---------------+
| Code | Name            | Price | manufacturers |
+------+-----------------+-------+---------------+
|    1 | Hard drive      |   240 |             5 |
|    2 | Memory          |   120 |             6 |
|    3 | ZIP drive       |   150 |             4 |
|    4 | Floppy disk     |     5 |             6 |
|    5 | Monitor         |   240 |             1 |
|    6 | DVD drive       |   180 |             2 |
|    7 | CD drive        |    90 |             2 |
|    8 | Printer         |   270 |             3 |
|    9 | Toner cartridge |    66 |             3 |
|   10 | DVD burner      |   180 |             2 |
|   11 | Usb Drive       |   100 |          NULL |
|   12 | Usb Drive       |   100 |          NULL |
|   13 | iphone x        |  NULL |          NULL |
+------+-----------------+-------+---------------+
13 rows in set (0.00 sec)

MariaDB [mytestdb]> select * from employee;
ERROR 1146 (42S02): Table 'mytestdb.employee' doesn't exist
MariaDB [mytestdb]> show databases;
+--------------------+
| Database           |
+--------------------+
| db_c0719320_test1  |
| db_dhruvi          |
| examc0713440       |
| information_schema |
| mysql              |
| mytestdb           |
| performance_schema |
| phpmyadmin         |
| test               |
+--------------------+
9 rows in set (0.00 sec)

MariaDB [mytestdb]> use examc0713440
Database changed
MariaDB [examc0713440]> select * from employee;
Empty set (0.00 sec)

MariaDB [examc0713440]> CREATE TABLE Employee (  EmployeeID INTEGER PRIMARY KEY NOT NULL,  Name VARCHAR(50) NOT NULL,  Position VARCHAR(50) NOT NULL,  Salary FLOAT(6,2) NOT NULL,  Remarks VARCHAR(50));CREATE TABLE Planet (  PlanetID INTEGER PRIMARY KEY NOT NULL,  Name VARCHAR(50) NOT NULL,  Coordinates FLOAT(6,2) NOT NULL);CREATE TABLE Shipment (  ShipmentID INTEGER PRIMARY KEY NOT NULL,  ShipmentDate Date,  Manager INTEGER NOT NULL ,  Planet INTEGER NOT NULL,  FOREIGN KEY (Manager) References Employee(EmployeeID),  FOREIGN KEY (Planet) References Planet(PlanetID));CREATE TABLE Has_Clearance (  Employee INTEGER NOT NULL,  Planet INTEGER NOT NULL,  Level INTEGER NOT NULL,  PRIMARY KEY(Employee, Planet),  FOREIGN KEY (Employee) References Employee(EmployeeID),  FOREIGN KEY (Planet) References Planet(PlanetID));CREATE TABLE Client (  AccountNumber INTEGER PRIMARY KEY NOT NULL,  Name VARCHAR(50) NOT NULL);CREATE TABLE Package (  Shipment INTEGER NOT NULL REFERENCES Shipment(ShipmentID),  PackageNumber INTEGER NOT NULL,  Contents VARCHAR(50) NOT NULL,  Weight FLOAT(6,2) NOT NULL,  Sender INTEGER NOT NULL,  Recipient INTEGER NOT NULL,  PRIMARY KEY(Shipment, PackageNumber),  FOREIGN KEY (Sender) References Client(AccountNumber),  FOREIGN KEY  (Recipient) References Client(AccountNumber));  Jump1 new message since 6:23 PMMark as read
ERROR 1050 (42S01): Table 'employee' already exists
ERROR 1050 (42S01): Table 'planet' already exists
Query OK, 0 rows affected (0.32 sec)

Query OK, 0 rows affected (0.26 sec)

ERROR 1050 (42S01): Table 'client' already exists
Query OK, 0 rows affected (0.25 sec)

    -> ;
ERROR 1064 (42000): You have an error in your SQL syntax; check the manual that corresponds to your MariaDB server version for the right syntax to use near 'Jump1 new message since 6:23 PMMark as read' at line 1
MariaDB [examc0713440]> use mytestdb;
Database changed
MariaDB [mytestdb]> create view v4 as select name from products;
Query OK, 0 rows affected (0.07 sec)

MariaDB [mytestdb]> insert into v4 values('iphone 8 plus');
Query OK, 1 row affected, 1 warning (0.10 sec)

MariaDB [mytestdb]> select * from v4;
+-----------------+
| name            |
+-----------------+
| iphone 8 plus   |
| Hard drive      |
| Memory          |
| ZIP drive       |
| Floppy disk     |
| Monitor         |
| DVD drive       |
| CD drive        |
| Printer         |
| Toner cartridge |
| DVD burner      |
| Usb Drive       |
| Usb Drive       |
| iphone x        |
+-----------------+
14 rows in set (0.00 sec)

MariaDB [mytestdb]> select * from products;
+------+-----------------+-------+---------------+
| Code | Name            | Price | manufacturers |
+------+-----------------+-------+---------------+
|    0 | iphone 8 plus   |  NULL |          NULL |
|    1 | Hard drive      |   240 |             5 |
|    2 | Memory          |   120 |             6 |
|    3 | ZIP drive       |   150 |             4 |
|    4 | Floppy disk     |     5 |             6 |
|    5 | Monitor         |   240 |             1 |
|    6 | DVD drive       |   180 |             2 |
|    7 | CD drive        |    90 |             2 |
|    8 | Printer         |   270 |             3 |
|    9 | Toner cartridge |    66 |             3 |
|   10 | DVD burner      |   180 |             2 |
|   11 | Usb Drive       |   100 |          NULL |
|   12 | Usb Drive       |   100 |          NULL |
|   13 | iphone x        |  NULL |          NULL |
+------+-----------------+-------+---------------+
14 rows in set (0.00 sec)

MariaDB [mytestdb]> desc products;
+---------------+-------------+------+-----+---------+-------+
| Field         | Type        | Null | Key | Default | Extra |
+---------------+-------------+------+-----+---------+-------+
| Code          | int(3)      | NO   | PRI | NULL    |       |
| Name          | varchar(50) | YES  |     | NULL    |       |
| Price         | float       | YES  |     | NULL    |       |
| manufacturers | int(11)     | YES  |     | NULL    |       |
+---------------+-------------+------+-----+---------+-------+
4 rows in set (0.00 sec)

MariaDB [mytestdb]> alter table products modify price float(6,2) not null;
Query OK, 14 rows affected, 2 warnings (0.92 sec)
Records: 14  Duplicates: 0  Warnings: 2

MariaDB [mytestdb]> desc products;
+---------------+-------------+------+-----+---------+-------+
| Field         | Type        | Null | Key | Default | Extra |
+---------------+-------------+------+-----+---------+-------+
| Code          | int(3)      | NO   | PRI | NULL    |       |
| Name          | varchar(50) | YES  |     | NULL    |       |
| price         | float(6,2)  | NO   |     | NULL    |       |
| manufacturers | int(11)     | YES  |     | NULL    |       |
+---------------+-------------+------+-----+---------+-------+
4 rows in set (0.01 sec)

MariaDB [mytestdb]> select * from v4;
+-----------------+
| name            |
+-----------------+
| iphone 8 plus   |
| Hard drive      |
| Memory          |
| ZIP drive       |
| Floppy disk     |
| Monitor         |
| DVD drive       |
| CD drive        |
| Printer         |
| Toner cartridge |
| DVD burner      |
| Usb Drive       |
| Usb Drive       |
| iphone x        |
+-----------------+
14 rows in set (0.00 sec)

MariaDB [mytestdb]> select * from v4;
+-----------------+
| name            |
+-----------------+
| iphone 8 plus   |
| Hard drive      |
| Memory          |
| ZIP drive       |
| Floppy disk     |
| Monitor         |
| DVD drive       |
| CD drive        |
| Printer         |
| Toner cartridge |
| DVD burner      |
| Usb Drive       |
| Usb Drive       |
| iphone x        |
+-----------------+
14 rows in set (0.00 sec)

MariaDB [mytestdb]> desc products;
+---------------+-------------+------+-----+---------+-------+
| Field         | Type        | Null | Key | Default | Extra |
+---------------+-------------+------+-----+---------+-------+
| Code          | int(3)      | NO   | PRI | NULL    |       |
| Name          | varchar(50) | YES  |     | NULL    |       |
| price         | float(6,2)  | NO   |     | NULL    |       |
| manufacturers | int(11)     | YES  |     | NULL    |       |
+---------------+-------------+------+-----+---------+-------+
4 rows in set (0.00 sec)

MariaDB [mytestdb]> select * from products;
+------+-----------------+--------+---------------+
| Code | Name            | price  | manufacturers |
+------+-----------------+--------+---------------+
|    0 | iphone 8 plus   |   0.00 |          NULL |
|    1 | Hard drive      | 240.00 |             5 |
|    2 | Memory          | 120.00 |             6 |
|    3 | ZIP drive       | 150.00 |             4 |
|    4 | Floppy disk     |   5.00 |             6 |
|    5 | Monitor         | 240.00 |             1 |
|    6 | DVD drive       | 180.00 |             2 |
|    7 | CD drive        |  90.00 |             2 |
|    8 | Printer         | 270.00 |             3 |
|    9 | Toner cartridge |  66.00 |             3 |
|   10 | DVD burner      | 180.00 |             2 |
|   11 | Usb Drive       | 100.00 |          NULL |
|   12 | Usb Drive       | 100.00 |          NULL |
|   13 | iphone x        |   0.00 |          NULL |
+------+-----------------+--------+---------------+
14 rows in set (0.00 sec)

MariaDB [mytestdb]>  update v3 set name= 'new moni
    '> ;
    '> ;
    '> exit
    '>
    '> ;;
    '> ;;^X
    '> ^X
    '> ^Z
    '> ;
    '> Bye

713440@203-IMAC14 c:\xampp
# mysql -u root -p;
ERROR 1045 (28000): Access denied for user 'root'@'localhost' (using password: YES)

713440@203-IMAC14 c:\xampp
# mysql -u root -p;
ERROR 1045 (28000): Access denied for user 'root'@'localhost' (using password: YES)

713440@203-IMAC14 c:\xampp
# mysql -u root -p
Enter password:
Welcome to the MariaDB monitor.  Commands end with ; or \g.
Your MariaDB connection id is 5
Server version: 10.1.21-MariaDB mariadb.org binary distribution

Copyright (c) 2000, 2016, Oracle, MariaDB Corporation Ab and others.

Type 'help;' or '\h' for help. Type '\c' to clear the current input statement.

MariaDB [(none)]> show databases;
+--------------------+
| Database           |
+--------------------+
| db_c0719320_test1  |
| db_dhruvi          |
| examc0713440       |
| information_schema |
| mysql              |
| mytestdb           |
| performance_schema |
| phpmyadmin         |
| test               |
+--------------------+
9 rows in set (0.00 sec)

MariaDB [(none)]> use mytestdb;
Database changed
MariaDB [mytestdb]> select * from v2;
+------+
| code |
+------+
|    0 |
|    1 |
|    2 |
|    3 |
|    4 |
|    5 |
|    6 |
|    7 |
|    8 |
|    9 |
|   10 |
|   11 |
|   12 |
|   13 |
+------+
14 rows in set (0.00 sec)

MariaDB [mytestdb]> select * from v3;
+------+------------+
| code | name       |
+------+------------+
|    1 | Hard drive |
|    3 | ZIP drive  |
|    6 | DVD drive  |
|    7 | CD drive   |
|   11 | Usb Drive  |
|   12 | Usb Drive  |
+------+------------+
6 rows in set (0.00 sec)

MariaDB [mytestdb]>  update v3 set name= 'new monitor' where name='monitor';
Query OK, 0 rows affected (0.00 sec)
Rows matched: 0  Changed: 0  Warnings: 0

MariaDB [mytestdb]> select * from v3;
+------+------------+
| code | name       |
+------+------------+
|    1 | Hard drive |
|    3 | ZIP drive  |
|    6 | DVD drive  |
|    7 | CD drive   |
|   11 | Usb Drive  |
|   12 | Usb Drive  |
+------+------------+
6 rows in set (0.00 sec)

MariaDB [mytestdb]> select * from products;;
+------+-----------------+--------+---------------+
| Code | Name            | price  | manufacturers |
+------+-----------------+--------+---------------+
|    0 | iphone 8 plus   |   0.00 |          NULL |
|    1 | Hard drive      | 240.00 |             5 |
|    2 | Memory          | 120.00 |             6 |
|    3 | ZIP drive       | 150.00 |             4 |
|    4 | Floppy disk     |   5.00 |             6 |
|    5 | Monitor         | 240.00 |             1 |
|    6 | DVD drive       | 180.00 |             2 |
|    7 | CD drive        |  90.00 |             2 |
|    8 | Printer         | 270.00 |             3 |
|    9 | Toner cartridge |  66.00 |             3 |
|   10 | DVD burner      | 180.00 |             2 |
|   11 | Usb Drive       | 100.00 |          NULL |
|   12 | Usb Drive       | 100.00 |          NULL |
|   13 | iphone x        |   0.00 |          NULL |
+------+-----------------+--------+---------------+
14 rows in set (0.00 sec)

ERROR: No query specified

MariaDB [mytestdb]> delete from v3 where code =12;
Query OK, 1 row affected (0.10 sec)

MariaDB [mytestdb]> select * from v3;
+------+------------+
| code | name       |
+------+------------+
|    1 | Hard drive |
|    3 | ZIP drive  |
|    6 | DVD drive  |
|    7 | CD drive   |
|   11 | Usb Drive  |
+------+------------+
5 rows in set (0.00 sec)

MariaDB [mytestdb]> delete from v3 where code =15;
Query OK, 0 rows affected (0.00 sec)

MariaDB [mytestdb]> select * from v3;
+------+------------+
| code | name       |
+------+------------+
|    1 | Hard drive |
|    3 | ZIP drive  |
|    6 | DVD drive  |
|    7 | CD drive   |
|   11 | Usb Drive  |
+------+------------+
5 rows in set (0.00 sec)

MariaDB [mytestdb]> show databses;
ERROR 1064 (42000): You have an error in your SQL syntax; check the manual that corresponds to your MariaDB server version for the right syntax to use near 'databses' at line 1
MariaDB [mytestdb]> show databases;
+--------------------+
| Database           |
+--------------------+
| db_c0719320_test1  |
| db_dhruvi          |
| examc0713440       |
| information_schema |
| mysql              |
| mytestdb           |
| performance_schema |
| phpmyadmin         |
| test               |
+--------------------+
9 rows in set (0.00 sec)

MariaDB [mytestdb]> desc pet;
+---------+-------------+------+-----+---------+-------+
| Field   | Type        | Null | Key | Default | Extra |
+---------+-------------+------+-----+---------+-------+
| name    | varchar(20) | YES  |     | NULL    |       |
| owner   | varchar(20) | YES  |     | NULL    |       |
| species | varchar(20) | YES  |     | NULL    |       |
| sex     | char(1)     | YES  |     | NULL    |       |
| birth   | date        | YES  |     | NULL    |       |
| death   | date        | YES  |     | NULL    |       |
+---------+-------------+------+-----+---------+-------+
6 rows in set (0.00 sec)

MariaDB [mytestdb]> create view v5 as select name,owner from pet;
Query OK, 0 rows affected (0.06 sec)

MariaDB [mytestdb]> select * from v5;
+----------+--------+
| name     | owner  |
+----------+--------+
| Puffball | Diane  |
| Fluffy   | Harold |
| Claws    | Gwen   |
| Buffy    | Harold |
| Fang     | Benny  |
| Bowser   | Diane  |
| Chirpy   | Gwen   |
| Whistler | Gwen   |
| Slim     | Benny  |
+----------+--------+
9 rows in set (0.05 sec)

MariaDB [mytestdb]> use examc0713440;
Database changed
MariaDB [examc0713440]> CREATE TABLE Employee (
    ->   EmployeeID INTEGER PRIMARY KEY NOT NULL,
    ->   Name VARCHAR(50) NOT NULL,
    ->   Position VARCHAR(50) NOT NULL,
    ->   Salary FLOAT(6,2) NOT NULL,
    ->   Remarks VARCHAR(50)
    -> );
ERROR 1050 (42S01): Table 'employee' already exists
MariaDB [examc0713440]> CREATE TABLE Planet (
    ->   PlanetID INTEGER PRIMARY KEY NOT NULL,
    ->   Name VARCHAR(50) NOT NULL,
    ->   Coordinates FLOAT(6,2) NOT NULL
    -> );
ERROR 1050 (42S01): Table 'planet' already exists
MariaDB [examc0713440]> CREATE TABLE Shipment (
    ->   ShipmentID INTEGER PRIMARY KEY NOT NULL,
    ->   ShipmentDate Date,
    ->   Manager INTEGER NOT NULL ,
    ->   Planet INTEGER NOT NULL,
    ->   FOREIGN KEY (Manager) References Employee(EmployeeID),
    ->   FOREIGN KEY (Planet) References Planet(PlanetID)
    -> );
ERROR 1050 (42S01): Table 'shipment' already exists
MariaDB [examc0713440]> CREATE TABLE Has_Clearance (
    ->   Employee INTEGER NOT NULL,
    ->   Planet INTEGER NOT NULL,
    ->   Level INTEGER NOT NULL,
    ->   PRIMARY KEY(Employee, Planet),
    ->   FOREIGN KEY (Employee) References Employee(EmployeeID),
    ->   FOREIGN KEY (Planet) References Planet(PlanetID)
    -> );
ERROR 1050 (42S01): Table 'has_clearance' already exists
MariaDB [examc0713440]> CREATE TABLE Client (
    ->   AccountNumber INTEGER PRIMARY KEY NOT NULL,
    ->   Name VARCHAR(50) NOT NULL
    -> );
ERROR 1050 (42S01): Table 'client' already exists
MariaDB [examc0713440]> show tables;
+------------------------+
| Tables_in_examc0713440 |
+------------------------+
| client                 |
| employee               |
| has_clearance          |
| package                |
| planet                 |
| shipment               |
+------------------------+
6 rows in set (0.00 sec)

MariaDB [examc0713440]> INSERT INTO Client VALUES(1, 'Zapp Brannigan');
Query OK, 1 row affected (0.07 sec)

MariaDB [examc0713440]> INSERT INTO Client VALUES(2, "Al Gore's Head");
Query OK, 1 row affected (0.03 sec)

MariaDB [examc0713440]> INSERT INTO Client VALUES(3, 'Barbados Slim');
Query OK, 1 row affected (0.08 sec)

MariaDB [examc0713440]> INSERT INTO Client VALUES(4, 'Ogden Wernstrom');
Query OK, 1 row affected (0.04 sec)

MariaDB [examc0713440]> INSERT INTO Client VALUES(5, 'Leo Wong');
Query OK, 1 row affected (0.03 sec)

MariaDB [examc0713440]> INSERT INTO Client VALUES(6, 'Lrrr');
Query OK, 1 row affected (0.02 sec)

MariaDB [examc0713440]> INSERT INTO Client VALUES(7, 'John Zoidberg');
Query OK, 1 row affected (0.02 sec)

MariaDB [examc0713440]> INSERT INTO Client VALUES(8, 'John Zoidfarb');
Query OK, 1 row affected (0.03 sec)

MariaDB [examc0713440]> INSERT INTO Client VALUES(9, 'Morbo');
Query OK, 1 row affected (0.02 sec)

MariaDB [examc0713440]> INSERT INTO Client VALUES(10, 'Judge John Whitey');
Query OK, 1 row affected (0.03 sec)

MariaDB [examc0713440]> INSERT INTO Client VALUES(11, 'Calculon');
Query OK, 1 row affected (0.05 sec)

MariaDB [examc0713440]> INSERT INTO Employee VALUES(1, 'Phillip J. Fry', 'Delivery boy', 7500.0, 'Not to be confused with the Philip J. Fry from Hovering Squid World 97a');
Query OK, 1 row affected (0.05 sec)

MariaDB [examc0713440]> INSERT INTO Employee VALUES(2, 'Turanga Leela', 'Captain', 10000.0, NULL);
Query OK, 1 row affected (0.02 sec)

MariaDB [examc0713440]> INSERT INTO Employee VALUES(3, 'Bender Bending Rodriguez', 'Robot', 7500.0, NULL);
Query OK, 1 row affected (0.02 sec)

MariaDB [examc0713440]> INSERT INTO Employee VALUES(4, 'Hubert J. Farnsworth', 'CEO', 20000.0, NULL);
Query OK, 1 row affected (0.03 sec)

MariaDB [examc0713440]> INSERT INTO Employee VALUES(5, 'John A. Zoidberg', 'Physician', 25.0, NULL);
Query OK, 1 row affected (0.02 sec)

MariaDB [examc0713440]> INSERT INTO Employee VALUES(6, 'Amy Wong', 'Intern', 5000.0, NULL);
Query OK, 1 row affected (0.03 sec)

MariaDB [examc0713440]> INSERT INTO Employee VALUES(7, 'Hermes Conrad', 'Bureaucrat', 10000.0, NULL);
Query OK, 1 row affected (0.01 sec)

MariaDB [examc0713440]> INSERT INTO Employee VALUES(8, 'Scruffy Scruffington', 'Janitor', 5000.0, NULL);
Query OK, 1 row affected (0.03 sec)

MariaDB [examc0713440]> INSERT INTO Planet VALUES(1, 'Omicron Persei 8', 89475345.3545);
Query OK, 1 row affected (0.03 sec)

MariaDB [examc0713440]> INSERT INTO Planet VALUES(2, 'Decapod X', 65498463216.3466);
Query OK, 1 row affected (0.01 sec)

MariaDB [examc0713440]> INSERT INTO Planet VALUES(3, 'Mars', 32435021.65468);
Query OK, 1 row affected (0.10 sec)

MariaDB [examc0713440]> INSERT INTO Planet VALUES(4, 'Omega III', 98432121.5464);
Query OK, 1 row affected (0.03 sec)

MariaDB [examc0713440]> INSERT INTO Planet VALUES(5, 'Tarantulon VI', 849842198.354654);
Query OK, 1 row affected (0.03 sec)

MariaDB [examc0713440]> INSERT INTO Planet VALUES(6, 'Cannibalon', 654321987.21654);
Query OK, 1 row affected (0.04 sec)

MariaDB [examc0713440]> INSERT INTO Planet VALUES(7, 'DogDoo VII', 65498721354.688);
Query OK, 1 row affected (0.03 sec)

MariaDB [examc0713440]> INSERT INTO Planet VALUES(8, 'Nintenduu 64', 6543219894.1654);
Query OK, 1 row affected (0.05 sec)

MariaDB [examc0713440]> INSERT INTO Planet VALUES(9, 'Amazonia', 65432135979.6547);
Query OK, 1 row affected (0.00 sec)

MariaDB [examc0713440]> INSERT INTO Has_Clearance VALUES(1, 1, 2);
Query OK, 1 row affected (0.02 sec)

MariaDB [examc0713440]> INSERT INTO Has_Clearance VALUES(1, 2, 3);
Query OK, 1 row affected (0.03 sec)

MariaDB [examc0713440]> INSERT INTO Has_Clearance VALUES(2, 3, 2);
Query OK, 1 row affected (0.02 sec)

MariaDB [examc0713440]> INSERT INTO Has_Clearance VALUES(2, 4, 4);
Query OK, 1 row affected (0.02 sec)

MariaDB [examc0713440]> INSERT INTO Has_Clearance VALUES(3, 5, 2);
Query OK, 1 row affected (0.02 sec)

MariaDB [examc0713440]> INSERT INTO Has_Clearance VALUES(3, 6, 4);
Query OK, 1 row affected (0.02 sec)

MariaDB [examc0713440]> INSERT INTO Has_Clearance VALUES(4, 7, 1);
Query OK, 1 row affected (0.02 sec)

MariaDB [examc0713440]> INSERT INTO Shipment VALUES(1, '3004/05/11', 1, 1);
Query OK, 1 row affected (0.03 sec)

MariaDB [examc0713440]> INSERT INTO Shipment VALUES(2, '3004/05/11', 1, 2);
Query OK, 1 row affected (0.02 sec)

MariaDB [examc0713440]> INSERT INTO Shipment VALUES(3, NULL, 2, 3);
Query OK, 1 row affected (0.06 sec)

MariaDB [examc0713440]> INSERT INTO Shipment VALUES(4, NULL, 2, 4);
Query OK, 1 row affected (0.02 sec)

MariaDB [examc0713440]> INSERT INTO Shipment VALUES(5, NULL, 7, 5);
Query OK, 1 row affected (0.02 sec)

MariaDB [examc0713440]> INSERT INTO Package VALUES(1, 1, 'Undeclared', 1.5, 1, 2);
Query OK, 1 row affected (0.03 sec)

MariaDB [examc0713440]> INSERT INTO Package VALUES(2, 1, 'Undeclared', 10.0, 2, 3);
Query OK, 1 row affected (0.04 sec)

MariaDB [examc0713440]> INSERT INTO Package VALUES(2, 2, 'A bucket of krill', 2.0, 8, 7);
Query OK, 1 row affected (0.07 sec)

MariaDB [examc0713440]> INSERT INTO Package VALUES(3, 1, 'Undeclared', 15.0, 3, 4);
Query OK, 1 row affected (0.03 sec)

MariaDB [examc0713440]> INSERT INTO Package VALUES(3, 2, 'Undeclared', 3.0, 5, 1);
Query OK, 1 row affected (0.01 sec)

MariaDB [examc0713440]> INSERT INTO Package VALUES(3, 3, 'Undeclared', 7.0, 2, 3);
Query OK, 1 row affected (0.02 sec)

MariaDB [examc0713440]> INSERT INTO Package VALUES(4, 1, 'Undeclared', 5.0, 4, 5);
Query OK, 1 row affected (0.01 sec)

MariaDB [examc0713440]> INSERT INTO Package VALUES(4, 2, 'Undeclared', 27.0, 1, 2);
Query OK, 1 row affected (0.02 sec)

MariaDB [examc0713440]> INSERT INTO Package VALUES(5, 1, 'Undeclared', 100.0, 5, 1);
Query OK, 1 row affected (0.02 sec)

MariaDB [examc0713440]>
MariaDB [examc0713440]>
MariaDB [examc0713440]> show tables;
+------------------------+
| Tables_in_examc0713440 |
+------------------------+
| client                 |
| employee               |
| has_clearance          |
| package                |
| planet                 |
| shipment               |
+------------------------+
6 rows in set (0.00 sec)

MariaDB [examc0713440]> select * from products;
ERROR 1146 (42S02): Table 'examc0713440.products' doesn't exist
MariaDB [examc0713440]> select * from client;
+---------------+-------------------+
| AccountNumber | Name              |
+---------------+-------------------+
|             1 | Zapp Brannigan    |
|             2 | Al Gore's Head    |
|             3 | Barbados Slim     |
|             4 | Ogden Wernstrom   |
|             5 | Leo Wong          |
|             6 | Lrrr              |
|             7 | John Zoidberg     |
|             8 | John Zoidfarb     |
|             9 | Morbo             |
|            10 | Judge John Whitey |
|            11 | Calculon          |
+---------------+-------------------+
11 rows in set (0.00 sec)

MariaDB [examc0713440]> select * from employee;
+------------+--------------------------+--------------+--------+-------------------------------------------------------------------------+
| employeeId | name                     | position     | salary | remarks                                                                 |
+------------+--------------------------+--------------+--------+-------------------------------------------------------------------------+
|          1 | Phillip J. Fry           | Delivery boy |   7500 | Not to be confused with the Philip J. Fry from Hovering Squid World 97a |
|          2 | Turanga Leela            | Captain      |  10000 | NULL                                                                    |
|          3 | Bender Bending Rodriguez | Robot        |   7500 | NULL                                                                    |
|          4 | Hubert J. Farnsworth     | CEO          |  20000 | NULL                                                                    |
|          5 | John A. Zoidberg         | Physician    |     25 | NULL                                                                    |
|          6 | Amy Wong                 | Intern       |   5000 | NULL                                                                    |
|          7 | Hermes Conrad            | Bureaucrat   |  10000 | NULL                                                                    |
|          8 | Scruffy Scruffington     | Janitor      |   5000 | NULL                                                                    |
+------------+--------------------------+--------------+--------+-------------------------------------------------------------------------+
8 rows in set (0.00 sec)

MariaDB [examc0713440]> select * from has_clearance;
+----------+--------+-------+
| Employee | Planet | Level |
+----------+--------+-------+
|        1 |      1 |     2 |
|        1 |      2 |     3 |
|        2 |      3 |     2 |
|        2 |      4 |     4 |
|        3 |      5 |     2 |
|        3 |      6 |     4 |
|        4 |      7 |     1 |
+----------+--------+-------+
7 rows in set (0.00 sec)

MariaDB [examc0713440]> use mytestdb;
Database changed
MariaDB [mytestdb]> create table audit(operation_id integer(10) primary key auto_increment, tablename varchar(50) not null,operation_name varchar(10) not null, operation_date date default current _date();
ERROR 1064 (42000): You have an error in your SQL syntax; check the manual that corresponds to your MariaDB server version for the right syntax to use near 'current _date()' at line 1
MariaDB [mytestdb]> create table audit(operation_id integer(10) primary key auto_increment, tablename varchar(50) not null,operation_name varchar(10) not null, operation_date date default current date();
ERROR 1064 (42000): You have an error in your SQL syntax; check the manual that corresponds to your MariaDB server version for the right syntax to use near 'current date()' at line 1
MariaDB [mytestdb]> create table audit(operation_id integer(10) primary key auto_increment, tablename varchar(50) not null,operation_name varchar(10) not null, operation_date date default current date());
ERROR 1064 (42000): You have an error in your SQL syntax; check the manual that corresponds to your MariaDB server version for the right syntax to use near 'current date())' at line 1
MariaDB [mytestdb]> create table audit(operation_id integer(10) primary key auto_increment, tablename varchar(50) not null,operation_name varchar(10) not null, operation_date date default current_date());
ERROR 1064 (42000): You have an error in your SQL syntax; check the manual that corresponds to your MariaDB server version for the right syntax to use near 'current_date())' at line 1
MariaDB [mytestdb]> use examc0713440;
Database changed
MariaDB [examc0713440]> select * from package;
+----------+---------------+-------------------+--------+--------+-----------+
| Shipment | PackageNumber | Contents          | Weight | Sender | Recipient |
+----------+---------------+-------------------+--------+--------+-----------+
|        1 |             1 | Undeclared        |   1.50 |      1 |         2 |
|        2 |             1 | Undeclared        |  10.00 |      2 |         3 |
|        2 |             2 | A bucket of krill |   2.00 |      8 |         7 |
|        3 |             1 | Undeclared        |  15.00 |      3 |         4 |
|        3 |             2 | Undeclared        |   3.00 |      5 |         1 |
|        3 |             3 | Undeclared        |   7.00 |      2 |         3 |
|        4 |             1 | Undeclared        |   5.00 |      4 |         5 |
|        4 |             2 | Undeclared        |  27.00 |      1 |         2 |
|        5 |             1 | Undeclared        | 100.00 |      5 |         1 |
+----------+---------------+-------------------+--------+--------+-----------+
9 rows in set (0.00 sec)

MariaDB [examc0713440]> select * from planet;
+----------+------------------+------------------+
| PlanetID | Name             | Coordinates      |
+----------+------------------+------------------+
|        1 | Omicron Persei 8 |    89475345.3545 |
|        2 | Decapod X        | 65498463216.3466 |
|        3 | Mars             |   32435021.65468 |
|        4 | Omega III        |    98432121.5464 |
|        5 | Tarantulon VI    | 849842198.354654 |
|        6 | Cannibalon       |  654321987.21654 |
|        7 | DogDoo VII       |  65498721354.688 |
|        8 | Nintenduu 64     |  6543219894.1654 |
|        9 | Amazonia         | 65432135979.6547 |
+----------+------------------+------------------+
9 rows in set (0.00 sec)

MariaDB [examc0713440]> select * from shipment;
+------------+--------------+---------+--------+
| ShipmentID | ShipmentDate | Manager | Planet |
+------------+--------------+---------+--------+
|          1 | 3004-05-11   |       1 |      1 |
|          2 | 3004-05-11   |       1 |      2 |
|          3 | NULL         |       2 |      3 |
|          4 | NULL         |       2 |      4 |
|          5 | NULL         |       7 |      5 |
+------------+--------------+---------+--------+
5 rows in set (0.00 sec)

MariaDB [examc0713440]> use mytestdb;
Database changed
MariaDB [mytestdb]> create table audit(operation_id integer(10) primary key auto_increment, tablename varchar(50) not null,operation_name varchar(10) not null, operation_date date default current_timestamp());
ERROR 1067 (42000): Invalid default value for 'operation_date'
MariaDB [mytestdb]> create table audit(operation_id integer(10) primary key auto_increment, tablename varchar(50) not null,operation_name varchar(10) not null, operation_date timestamp default current_timestamp());
Query OK, 0 rows affected (0.64 sec)

MariaDB [mytestdb]> desc audit;
+----------------+-------------+------+-----+-------------------+----------------+
| Field          | Type        | Null | Key | Default           | Extra          |
+----------------+-------------+------+-----+-------------------+----------------+
| operation_id   | int(10)     | NO   | PRI | NULL              | auto_increment |
| tablename      | varchar(50) | NO   |     | NULL              |                |
| operation_name | varchar(10) | NO   |     | NULL              |                |
| operation_date | timestamp   | NO   |     | CURRENT_TIMESTAMP |                |
+----------------+-------------+------+-----+-------------------+----------------+
4 rows in set (0.00 sec)

MariaDB [mytestdb]> insert into audit (tablename,opname) values('products','insert');
ERROR 1054 (42S22): Unknown column 'opname' in 'field list'
MariaDB [mytestdb]> insert into audit (tablename,operation_name) values('products','insert');
Query OK, 1 row affected (0.05 sec)

MariaDB [mytestdb]> desc audit;
+----------------+-------------+------+-----+-------------------+----------------+
| Field          | Type        | Null | Key | Default           | Extra          |
+----------------+-------------+------+-----+-------------------+----------------+
| operation_id   | int(10)     | NO   | PRI | NULL              | auto_increment |
| tablename      | varchar(50) | NO   |     | NULL              |                |
| operation_name | varchar(10) | NO   |     | NULL              |                |
| operation_date | timestamp   | NO   |     | CURRENT_TIMESTAMP |                |
+----------------+-------------+------+-----+-------------------+----------------+
4 rows in set (0.00 sec)

MariaDB [mytestdb]> select * from audit;
+--------------+-----------+----------------+---------------------+
| operation_id | tablename | operation_name | operation_date      |
+--------------+-----------+----------------+---------------------+
|            1 | products  | insert         | 2017-09-15 19:05:20 |
+--------------+-----------+----------------+---------------------+
1 row in set (0.00 sec)

MariaDB [mytestdb]> create trigger insert_check_products after insert on products for each row begin
    -> insert into audit (tablename,operation_name) values('products','insert')
    -> ;
ERROR 1064 (42000): You have an error in your SQL syntax; check the manual that corresponds to your MariaDB server version for the right syntax to use near '' at line 2
MariaDB [mytestdb]> delimiter //
MariaDB [mytestdb]> create trigger insert_check_products after insert on products for each row begin
    -> insert into audit (tablename,operation_name) values('products','insert')
    -> ;
    -> end;
    -> //
Query OK, 0 rows affected (0.10 sec)

MariaDB [mytestdb]> delimiter;
    -> ;
    -> //
ERROR 1064 (42000): You have an error in your SQL syntax; check the manual that corresponds to your MariaDB server version for the right syntax to use near 'delimiter' at line 1
MariaDB [mytestdb]> desc products;
    -> END;
    -> //
+---------------+-------------+------+-----+---------+-------+
| Field         | Type        | Null | Key | Default | Extra |
+---------------+-------------+------+-----+---------+-------+
| Code          | int(3)      | NO   | PRI | NULL    |       |
| Name          | varchar(50) | YES  |     | NULL    |       |
| price         | float(6,2)  | NO   |     | NULL    |       |
| manufacturers | int(11)     | YES  |     | NULL    |       |
+---------------+-------------+------+-----+---------+-------+
4 rows in set (0.05 sec)

ERROR 1064 (42000): You have an error in your SQL syntax; check the manual that corresponds to your MariaDB server version for the right syntax to use near 'END' at line 1
MariaDB [mytestdb]> DELIMITER ;
MariaDB [mytestdb]> desc products;
+---------------+-------------+------+-----+---------+-------+
| Field         | Type        | Null | Key | Default | Extra |
+---------------+-------------+------+-----+---------+-------+
| Code          | int(3)      | NO   | PRI | NULL    |       |
| Name          | varchar(50) | YES  |     | NULL    |       |
| price         | float(6,2)  | NO   |     | NULL    |       |
| manufacturers | int(11)     | YES  |     | NULL    |       |
+---------------+-------------+------+-----+---------+-------+
4 rows in set (0.00 sec)

MariaDB [mytestdb]> insert into product values(16,'apple tv',369.oo,1);
ERROR 1064 (42000): You have an error in your SQL syntax; check the manual that corresponds to your MariaDB server version for the right syntax to use near 'oo,1)' at line 1
MariaDB [mytestdb]> insert into product values(16,'apple tv',369.00,1);
ERROR 1146 (42S02): Table 'mytestdb.product' doesn't exist
MariaDB [mytestdb]> insert into products values(16,'apple tv',369.00,1);
Query OK, 1 row affected (0.12 sec)

MariaDB [mytestdb]> select * from audit;
+--------------+-----------+----------------+---------------------+
| operation_id | tablename | operation_name | operation_date      |
+--------------+-----------+----------------+---------------------+
|            1 | products  | insert         | 2017-09-15 19:05:20 |
|            2 | products  | insert         | 2017-09-15 19:14:32 |
+--------------+-----------+----------------+---------------------+
2 rows in set (0.00 sec)

MariaDB [mytestdb]> delimiter //
MariaDB [mytestdb]> CREATE TRIGGER Update_Check_Products AFTER UPDATE ON Products     FOR EACH ROW    BEGIN        INSERT INTO AUDIT(TABLENAME,OperationName) VALUES('Products','Update');    END; //delimiter;
Query OK, 0 rows affected (0.09 sec)

    -> //
ERROR 1064 (42000): You have an error in your SQL syntax; check the manual that corresponds to your MariaDB server version for the right syntax to use near 'delimiter' at line 1
MariaDB [mytestdb]> Update Products set Name = 'New Monitor' where name = 'Monitor';
    -> //
ERROR 1054 (42S22): Unknown column 'OperationName' in 'field list'
MariaDB [mytestdb]> CREATE TRIGGER Update_Check_Products AFTER UPDATE ON Products     FOR EACH ROW    BEGIN        INSERT INTO AUDIT(TABLENAME,Operation_Name) VALUES('Products','Update');    END; //
ERROR 1359 (HY000): Trigger already exists
MariaDB [mytestdb]> Update Products set Name = 'New Monitor' where name = 'Monitor';
    -> end;
    -> //
ERROR 1054 (42S22): Unknown column 'OperationName' in 'field list'
MariaDB [mytestdb]> select * from audit;
    -> end;
    -> //
+--------------+-----------+----------------+---------------------+
| operation_id | tablename | operation_name | operation_date      |
+--------------+-----------+----------------+---------------------+
|            1 | products  | insert         | 2017-09-15 19:05:20 |
|            2 | products  | insert         | 2017-09-15 19:14:32 |
+--------------+-----------+----------------+---------------------+
2 rows in set (0.00 sec)

ERROR 1064 (42000): You have an error in your SQL syntax; check the manual that corresponds to your MariaDB server version for the right syntax to use near 'end' at line 1
MariaDB [mytestdb]> select current_user;
    -> end;
    -> //
+----------------+
| current_user   |
+----------------+
| root@localhost |
+----------------+
1 row in set (0.03 sec)

ERROR 1064 (42000): You have an error in your SQL syntax; check the manual that corresponds to your MariaDB server version for the right syntax to use near 'end' at line 1
MariaDB [mytestdb]> delimiter //
MariaDB [mytestdb]> select current_user;
    -> end;
    -> //
+----------------+
| current_user   |
+----------------+
| root@localhost |
+----------------+
1 row in set (0.00 sec)

ERROR 1064 (42000): You have an error in your SQL syntax; check the manual that corresponds to your MariaDB server version for the right syntax to use near 'end' at line 1
MariaDB [mytestdb]> delimiter ;
MariaDB [mytestdb]> select current_user;
+----------------+
| current_user   |
+----------------+
| root@localhost |
+----------------+
1 row in set (0.00 sec)


